// Jest Snapshot v1, https://goo.gl/fbAQLP

exports[`Project.vue renders props when passed 1`] = `
<div class="flex md4 xm2">
  <div class="container">
    <div class="mx-auto v-card v-sheet theme--light" id="project-0">
      <div class="v-card__title">Test Title</div>
      <div class="v-card__text">Test Description</div>
      <!---->
    </div>
  </div>
</div>
`;
